// Jest Snapshot v1, https://goo.gl/fbAQLP

exports[`matches the home snapshot 1`] = `<DocumentFragment />`;
