// Jest Snapshot v1, https://goo.gl/fbAQLP

exports[`matches the job list snapshot 1`] = `
<DocumentFragment>
  <div
    class="JobList"
  >
    <h1>
      All Jobs:
    </h1>
    <div />
  </div>
</DocumentFragment>
`;
