// Jest Snapshot v1, https://goo.gl/fbAQLP

exports[`matches the home snapshot 1`] = `
<DocumentFragment>
  <form
    class="Form shadow"
  >
    <h1>
      Sign Up
    </h1>
    <div
      class="mb-3"
    >
      <label
        class="form-label"
        for="username"
      >
        Username
      </label>
      <input
        class="form-control"
        id="username"
        name="username"
        placeholder="username"
        required=""
        type="text"
      />
    </div>
    <div
      class="mb-3"
    >
      <label
        class="form-label"
        for="examplePassword"
      >
        Password
      </label>
      <input
        class="form-control"
        id="examplePassword"
        name="password"
        placeholder="password"
        required=""
        type="password"
      />
    </div>
    <div
      class="mb-3"
    >
      <label
        class="form-label"
        for="firstName"
      >
        First Name
      </label>
      <input
        class="form-control"
        id="firstName"
        name="firstName"
        placeholder="first name"
        required=""
        type="text"
      />
    </div>
    <div
      class="mb-3"
    >
      <label
        class="form-label"
        for="lastName"
      >
        Last Name
      </label>
      <input
        class="form-control"
        id="lastName"
        name="lastName"
        placeholder="last name"
        required=""
        type="text"
      />
    </div>
    <div
      class="mb-3"
    >
      <label
        class="form-label"
        for="exampleEmail"
      >
        Email
      </label>
      <input
        class="form-control"
        id="exampleEmail"
        name="email"
        placeholder="email"
        required=""
        type="email"
      />
    </div>
    <button
      class="btn-lg btn btn-primary"
    >
      Submit
    </button>
  </form>
</DocumentFragment>
`;
